ðŸŒŸ This was machine generated.  Do not edit. ðŸŒŸ

Frame[0] {
    "stats": [
        {
            "displayName": "Summary: bytes processed per second",
            "unit": "Bps",
            "value": 3507022
        },
        {
            "displayName": "Summary: lines processed per second",
            "value": 24818
        },
        {
            "displayName": "Summary: total bytes processed",
            "unit": "decbytes",
            "value": 7772
        },
        {
            "displayName": "Summary: total lines processed",
            "value": 55
        },
        {
            "displayName": "Summary: exec time",
            "unit": "s",
            "value": 0.002216125
        },
        {
            "displayName": "Store: total chunks ref",
            "value": 2
        },
        {
            "displayName": "Store: total chunks downloaded",
            "value": 3
        },
        {
            "displayName": "Store: chunks download time",
            "unit": "s",
            "value": 0.000390958
        },
        {
            "displayName": "Store: head chunk bytes",
            "unit": "decbytes",
            "value": 4
        },
        {
            "displayName": "Store: head chunk lines",
            "value": 5
        },
        {
            "displayName": "Store: decompressed bytes",
            "unit": "decbytes",
            "value": 7772
        },
        {
            "displayName": "Store: decompressed lines",
            "value": 55
        },
        {
            "displayName": "Store: compressed bytes",
            "unit": "decbytes",
            "value": 31432
        },
        {
            "displayName": "Store: total duplicates",
            "value": 6
        },
        {
            "displayName": "Ingester: total reached",
            "value": 7
        },
        {
            "displayName": "Ingester: total chunks matched",
            "value": 8
        },
        {
            "displayName": "Ingester: total batches",
            "value": 9
        },
        {
            "displayName": "Ingester: total lines sent",
            "value": 10
        },
        {
            "displayName": "Ingester: head chunk bytes",
            "unit": "decbytes",
            "value": 11
        },
        {
            "displayName": "Ingester: head chunk lines",
            "value": 12
        },
        {
            "displayName": "Ingester: decompressed bytes",
            "unit": "decbytes",
            "value": 13
        },
        {
            "displayName": "Ingester: decompressed lines",
            "value": 14
        },
        {
            "displayName": "Ingester: compressed bytes",
            "unit": "decbytes",
            "value": 15
        },
        {
            "displayName": "Ingester: total duplicates",
            "value": 16
        }
    ],
    "executedQueryString": "Expr: query1"
}
Name: 
Dimensions: 5 Fields by 6 Rows
+-------------------------------------------+-----------------------------------------+------------------+---------------------+---------------------------------+
| Name: labels                              | Name: ts                                | Name: line       | Name: tsNs          | Name: id                        |
| Labels:                                   | Labels:                                 | Labels:          | Labels:             | Labels:                         |
| Type: []string                            | Type: []time.Time                       | Type: []string   | Type: []string      | Type: []string                  |
+-------------------------------------------+-----------------------------------------+------------------+---------------------+---------------------------------+
| [["code","one\","],["location","moonðŸŒ™"]] | 2022-02-16 16:50:44.81075712 +0000 UTC  | log line error 1 | 1645030244810757120 | 1645030244810757120_f5088206_   |
| [["code","\",two"],["location","moonðŸŒ™"]] | 2022-02-16 16:50:47.02773504 +0000 UTC  | log line info 1  | 1645030247027735040 | 1645030247027735040_46b225a4_   |
| [["code","\",two"],["location","moonðŸŒ™"]] | 2022-02-16 16:50:46.277587968 +0000 UTC | log line info 2  | 1645030246277587968 | 1645030246277587968_c2a9f32b_   |
| [["code","\",two"],["location","moonðŸŒ™"]] | 2022-02-16 16:50:46.277587968 +0000 UTC | log line info 2  | 1645030246277587968 | 1645030246277587968_c2a9f32b_1_ |
| [["code","\",two"],["location","moonðŸŒ™"]] | 2022-02-16 16:50:45.539423744 +0000 UTC | log line info 3  | 1645030245539423744 | 1645030245539423744_86502e6_    |
| [["code","\",two"],["location","moonðŸŒ™"]] | 2022-02-16 16:50:44.091700992 +0000 UTC | log line info 4  | 1645030244091700992 | 1645030244091700992_c6f5b60d_   |
+-------------------------------------------+-----------------------------------------+------------------+---------------------+---------------------------------+


====== TEST DATA RESPONSE (arrow base64) ======
FRAME=QVJST1cxAAD/////IAkAABAAAAAAAAoADgAMAAsABAAKAAAAFAAAAAAAAAEEAAoADAAAAAgABAAKAAAACAAAAKQGAAADAAAATAAAACgAAAAEAAAAfPf//wgAAAAMAAAAAAAAAAAAAAAFAAAAcmVmSWQAAACc9///CAAAAAwAAAAAAAAAAAAAAAQAAABuYW1lAAAAALz3//8IAAAAPAYAADIGAAB7InN0YXRzIjpbeyJkaXNwbGF5TmFtZSI6IlN1bW1hcnk6IGJ5dGVzIHByb2Nlc3NlZCBwZXIgc2Vjb25kIiwidW5pdCI6IkJwcyIsInZhbHVlIjozNTA3MDIyfSx7ImRpc3BsYXlOYW1lIjoiU3VtbWFyeTogbGluZXMgcHJvY2Vzc2VkIHBlciBzZWNvbmQiLCJ2YWx1ZSI6MjQ4MTh9LHsiZGlzcGxheU5hbWUiOiJTdW1tYXJ5OiB0b3RhbCBieXRlcyBwcm9jZXNzZWQiLCJ1bml0IjoiZGVjYnl0ZXMiLCJ2YWx1ZSI6Nzc3Mn0seyJkaXNwbGF5TmFtZSI6IlN1bW1hcnk6IHRvdGFsIGxpbmVzIHByb2Nlc3NlZCIsInZhbHVlIjo1NX0seyJkaXNwbGF5TmFtZSI6IlN1bW1hcnk6IGV4ZWMgdGltZSIsInVuaXQiOiJzIiwidmFsdWUiOjAuMDAyMjE2MTI1fSx7ImRpc3BsYXlOYW1lIjoiU3RvcmU6IHRvdGFsIGNodW5rcyByZWYiLCJ2YWx1ZSI6Mn0seyJkaXNwbGF5TmFtZSI6IlN0b3JlOiB0b3RhbCBjaHVua3MgZG93bmxvYWRlZCIsInZhbHVlIjozfSx7ImRpc3BsYXlOYW1lIjoiU3RvcmU6IGNodW5rcyBkb3dubG9hZCB0aW1lIiwidW5pdCI6InMiLCJ2YWx1ZSI6MC4wMDAzOTA5NTh9LHsiZGlzcGxheU5hbWUiOiJTdG9yZTogaGVhZCBjaHVuayBieXRlcyIsInVuaXQiOiJkZWNieXRlcyIsInZhbHVlIjo0fSx7ImRpc3BsYXlOYW1lIjoiU3RvcmU6IGhlYWQgY2h1bmsgbGluZXMiLCJ2YWx1ZSI6NX0seyJkaXNwbGF5TmFtZSI6IlN0b3JlOiBkZWNvbXByZXNzZWQgYnl0ZXMiLCJ1bml0IjoiZGVjYnl0ZXMiLCJ2YWx1ZSI6Nzc3Mn0seyJkaXNwbGF5TmFtZSI6IlN0b3JlOiBkZWNvbXByZXNzZWQgbGluZXMiLCJ2YWx1ZSI6NTV9LHsiZGlzcGxheU5hbWUiOiJTdG9yZTogY29tcHJlc3NlZCBieXRlcyIsInVuaXQiOiJkZWNieXRlcyIsInZhbHVlIjozMTQzMn0seyJkaXNwbGF5TmFtZSI6IlN0b3JlOiB0b3RhbCBkdXBsaWNhdGVzIiwidmFsdWUiOjZ9LHsiZGlzcGxheU5hbWUiOiJJbmdlc3RlcjogdG90YWwgcmVhY2hlZCIsInZhbHVlIjo3fSx7ImRpc3BsYXlOYW1lIjoiSW5nZXN0ZXI6IHRvdGFsIGNodW5rcyBtYXRjaGVkIiwidmFsdWUiOjh9LHsiZGlzcGxheU5hbWUiOiJJbmdlc3RlcjogdG90YWwgYmF0Y2hlcyIsInZhbHVlIjo5fSx7ImRpc3BsYXlOYW1lIjoiSW5nZXN0ZXI6IHRvdGFsIGxpbmVzIHNlbnQiLCJ2YWx1ZSI6MTB9LHsiZGlzcGxheU5hbWUiOiJJbmdlc3RlcjogaGVhZCBjaHVuayBieXRlcyIsInVuaXQiOiJkZWNieXRlcyIsInZhbHVlIjoxMX0seyJkaXNwbGF5TmFtZSI6IkluZ2VzdGVyOiBoZWFkIGNodW5rIGxpbmVzIiwidmFsdWUiOjEyfSx7ImRpc3BsYXlOYW1lIjoiSW5nZXN0ZXI6IGRlY29tcHJlc3NlZCBieXRlcyIsInVuaXQiOiJkZWNieXRlcyIsInZhbHVlIjoxM30seyJkaXNwbGF5TmFtZSI6IkluZ2VzdGVyOiBkZWNvbXByZXNzZWQgbGluZXMiLCJ2YWx1ZSI6MTR9LHsiZGlzcGxheU5hbWUiOiJJbmdlc3RlcjogY29tcHJlc3NlZCBieXRlcyIsInVuaXQiOiJkZWNieXRlcyIsInZhbHVlIjoxNX0seyJkaXNwbGF5TmFtZSI6IkluZ2VzdGVyOiB0b3RhbCBkdXBsaWNhdGVzIiwidmFsdWUiOjE2fV0sImV4ZWN1dGVkUXVlcnlTdHJpbmciOiJFeHByOiBxdWVyeTEifQAABAAAAG1ldGEAAAAABQAAAKgBAAA0AQAA2AAAAFgAAAAEAAAAfv7//xQAAAA4AAAAOAAAAAAAAAU0AAAAAQAAAAQAAABE/v//CAAAAAwAAAACAAAAaWQAAAQAAABuYW1lAAAAAAAAAAAk/v//AgAAAGlkAADO/v//FAAAAGAAAABgAAAAAAAABVwAAAACAAAALAAAAAQAAACY/v//CAAAABAAAAAEAAAAdHNOcwAAAAAEAAAAbmFtZQAAAAC8/v//CAAAAAwAAAACAAAAe30AAAYAAABsYWJlbHMAAAAAAACc/v//BAAAAHRzTnMAAAAASv///xQAAAA8AAAAPAAAAAAAAAU4AAAAAQAAAAQAAAAQ////CAAAABAAAAAEAAAAbGluZQAAAAAEAAAAbmFtZQAAAAAAAAAA9P7//wQAAABsaW5lAAAAAKL///8UAAAAOAAAAEAAAAAAAAAKQAAAAAEAAAAEAAAAaP///wgAAAAMAAAAAgAAAHRzAAAEAAAAbmFtZQAAAAAAAAAAAAAGAAgABgAGAAAAAAADAAIAAAB0cwAAAAASABgAFAAAABMADAAAAAgABAASAAAAFAAAAIAAAACEAAAAAAAABYAAAAACAAAANAAAAAQAAADc////CAAAABAAAAAGAAAAbGFiZWxzAAAEAAAAbmFtZQAAAAAIAAwACAAEAAgAAAAIAAAAJAAAABgAAAB7ImN1c3RvbSI6eyJqc29uIjp0cnVlfX0AAAAABgAAAGNvbmZpZwAAAAAAAAQABAAEAAAABgAAAGxhYmVscwAA/////4gBAAAUAAAAAAAAAAwAFgAUABMADAAEAAwAAABAAwAAAAAAABQAAAAAAAADBAAKABgADAAIAAQACgAAABQAAAD4AAAABgAAAAAAAAAAAAAADgAAAAAAAAAAAAAAAAAAAAAAAAAAAAAAAAAAABwAAAAAAAAAIAAAAAAAAAACAQAAAAAAACgBAAAAAAAAAAAAAAAAAAAoAQAAAAAAADAAAAAAAAAAWAEAAAAAAAAAAAAAAAAAAFgBAAAAAAAAHAAAAAAAAAB4AQAAAAAAAFsAAAAAAAAA2AEAAAAAAAAAAAAAAAAAANgBAAAAAAAAHAAAAAAAAAD4AQAAAAAAAHIAAAAAAAAAcAIAAAAAAAAAAAAAAAAAAHACAAAAAAAAHAAAAAAAAACQAgAAAAAAAK8AAAAAAAAAAAAAAAUAAAAGAAAAAAAAAAAAAAAAAAAABgAAAAAAAAAAAAAAAAAAAAYAAAAAAAAAAAAAAAAAAAAGAAAAAAAAAAAAAAAAAAAABgAAAAAAAAAAAAAAAAAAAAAAAAArAAAAVgAAAIEAAACsAAAA1wAAAAIBAAAAAAAAW1siY29kZSIsIm9uZVwiLCJdLFsibG9jYXRpb24iLCJtb29u8J+MmSJdXVtbImNvZGUiLCJcIix0d28iXSxbImxvY2F0aW9uIiwibW9vbvCfjJkiXV1bWyJjb2RlIiwiXCIsdHdvIl0sWyJsb2NhdGlvbiIsIm1vb27wn4yZIl1dW1siY29kZSIsIlwiLHR3byJdLFsibG9jYXRpb24iLCJtb29u8J+MmSJdXVtbImNvZGUiLCJcIix0d28iXSxbImxvY2F0aW9uIiwibW9vbvCfjJkiXV1bWyJjb2RlIiwiXCIsdHdvIl0sWyJsb2NhdGlvbiIsIm1vb27wn4yZIl1dAAAAAAAAABS4ukpS1BYAetw+S1LUFgAkJhJLUtQWACQmEktS1BYApibmSlLUFgAn3I9KUtQWAAAAABAAAAAfAAAALgAAAD0AAABMAAAAWwAAAAAAAABsb2cgbGluZSBlcnJvciAxbG9nIGxpbmUgaW5mbyAxbG9nIGxpbmUgaW5mbyAybG9nIGxpbmUgaW5mbyAybG9nIGxpbmUgaW5mbyAzbG9nIGxpbmUgaW5mbyA0AAAAAAAAAAAAEwAAACYAAAA5AAAATAAAAF8AAAByAAAAAAAAADE2NDUwMzAyNDQ4MTA3NTcxMjAxNjQ1MDMwMjQ3MDI3NzM1MDQwMTY0NTAzMDI0NjI3NzU4Nzk2ODE2NDUwMzAyNDYyNzc1ODc5NjgxNjQ1MDMwMjQ1NTM5NDIzNzQ0MTY0NTAzMDI0NDA5MTcwMDk5MgAAAAAAAAAAAAAdAAAAOgAAAFcAAAB2AAAAkgAAAK8AAAAAAAAAMTY0NTAzMDI0NDgxMDc1NzEyMF9mNTA4ODIwNl8xNjQ1MDMwMjQ3MDI3NzM1MDQwXzQ2YjIyNWE0XzE2NDUwMzAyNDYyNzc1ODc5NjhfYzJhOWYzMmJfMTY0NTAzMDI0NjI3NzU4Nzk2OF9jMmE5ZjMyYl8xXzE2NDUwMzAyNDU1Mzk0MjM3NDRfODY1MDJlNl8xNjQ1MDMwMjQ0MDkxNzAwOTkyX2M2ZjViNjBkXwAQAAAADAAUABIADAAIAAQADAAAABAAAAAsAAAAPAAAAAAABAABAAAAMAkAAAAAAACQAQAAAAAAAEADAAAAAAAAAAAAAAAAAAAAAAAAAAAKAAwAAAAIAAQACgAAAAgAAACkBgAAAwAAAEwAAAAoAAAABAAAAHz3//8IAAAADAAAAAAAAAAAAAAABQAAAHJlZklkAAAAnPf//wgAAAAMAAAAAAAAAAAAAAAEAAAAbmFtZQAAAAC89///CAAAADwGAAAyBgAAeyJzdGF0cyI6W3siZGlzcGxheU5hbWUiOiJTdW1tYXJ5OiBieXRlcyBwcm9jZXNzZWQgcGVyIHNlY29uZCIsInVuaXQiOiJCcHMiLCJ2YWx1ZSI6MzUwNzAyMn0seyJkaXNwbGF5TmFtZSI6IlN1bW1hcnk6IGxpbmVzIHByb2Nlc3NlZCBwZXIgc2Vjb25kIiwidmFsdWUiOjI0ODE4fSx7ImRpc3BsYXlOYW1lIjoiU3VtbWFyeTogdG90YWwgYnl0ZXMgcHJvY2Vzc2VkIiwidW5pdCI6ImRlY2J5dGVzIiwidmFsdWUiOjc3NzJ9LHsiZGlzcGxheU5hbWUiOiJTdW1tYXJ5OiB0b3RhbCBsaW5lcyBwcm9jZXNzZWQiLCJ2YWx1ZSI6NTV9LHsiZGlzcGxheU5hbWUiOiJTdW1tYXJ5OiBleGVjIHRpbWUiLCJ1bml0IjoicyIsInZhbHVlIjowLjAwMjIxNjEyNX0seyJkaXNwbGF5TmFtZSI6IlN0b3JlOiB0b3RhbCBjaHVua3MgcmVmIiwidmFsdWUiOjJ9LHsiZGlzcGxheU5hbWUiOiJTdG9yZTogdG90YWwgY2h1bmtzIGRvd25sb2FkZWQiLCJ2YWx1ZSI6M30seyJkaXNwbGF5TmFtZSI6IlN0b3JlOiBjaHVua3MgZG93bmxvYWQgdGltZSIsInVuaXQiOiJzIiwidmFsdWUiOjAuMDAwMzkwOTU4fSx7ImRpc3BsYXlOYW1lIjoiU3RvcmU6IGhlYWQgY2h1bmsgYnl0ZXMiLCJ1bml0IjoiZGVjYnl0ZXMiLCJ2YWx1ZSI6NH0seyJkaXNwbGF5TmFtZSI6IlN0b3JlOiBoZWFkIGNodW5rIGxpbmVzIiwidmFsdWUiOjV9LHsiZGlzcGxheU5hbWUiOiJTdG9yZTogZGVjb21wcmVzc2VkIGJ5dGVzIiwidW5pdCI6ImRlY2J5dGVzIiwidmFsdWUiOjc3NzJ9LHsiZGlzcGxheU5hbWUiOiJTdG9yZTogZGVjb21wcmVzc2VkIGxpbmVzIiwidmFsdWUiOjU1fSx7ImRpc3BsYXlOYW1lIjoiU3RvcmU6IGNvbXByZXNzZWQgYnl0ZXMiLCJ1bml0IjoiZGVjYnl0ZXMiLCJ2YWx1ZSI6MzE0MzJ9LHsiZGlzcGxheU5hbWUiOiJTdG9yZTogdG90YWwgZHVwbGljYXRlcyIsInZhbHVlIjo2fSx7ImRpc3BsYXlOYW1lIjoiSW5nZXN0ZXI6IHRvdGFsIHJlYWNoZWQiLCJ2YWx1ZSI6N30seyJkaXNwbGF5TmFtZSI6IkluZ2VzdGVyOiB0b3RhbCBjaHVua3MgbWF0Y2hlZCIsInZhbHVlIjo4fSx7ImRpc3BsYXlOYW1lIjoiSW5nZXN0ZXI6IHRvdGFsIGJhdGNoZXMiLCJ2YWx1ZSI6OX0seyJkaXNwbGF5TmFtZSI6IkluZ2VzdGVyOiB0b3RhbCBsaW5lcyBzZW50IiwidmFsdWUiOjEwfSx7ImRpc3BsYXlOYW1lIjoiSW5nZXN0ZXI6IGhlYWQgY2h1bmsgYnl0ZXMiLCJ1bml0IjoiZGVjYnl0ZXMiLCJ2YWx1ZSI6MTF9LHsiZGlzcGxheU5hbWUiOiJJbmdlc3RlcjogaGVhZCBjaHVuayBsaW5lcyIsInZhbHVlIjoxMn0seyJkaXNwbGF5TmFtZSI6IkluZ2VzdGVyOiBkZWNvbXByZXNzZWQgYnl0ZXMiLCJ1bml0IjoiZGVjYnl0ZXMiLCJ2YWx1ZSI6MTN9LHsiZGlzcGxheU5hbWUiOiJJbmdlc3RlcjogZGVjb21wcmVzc2VkIGxpbmVzIiwidmFsdWUiOjE0fSx7ImRpc3BsYXlOYW1lIjoiSW5nZXN0ZXI6IGNvbXByZXNzZWQgYnl0ZXMiLCJ1bml0IjoiZGVjYnl0ZXMiLCJ2YWx1ZSI6MTV9LHsiZGlzcGxheU5hbWUiOiJJbmdlc3RlcjogdG90YWwgZHVwbGljYXRlcyIsInZhbHVlIjoxNn1dLCJleGVjdXRlZFF1ZXJ5U3RyaW5nIjoiRXhwcjogcXVlcnkxIn0AAAQAAABtZXRhAAAAAAUAAACoAQAANAEAANgAAABYAAAABAAAAH7+//8UAAAAOAAAADgAAAAAAAAFNAAAAAEAAAAEAAAARP7//wgAAAAMAAAAAgAAAGlkAAAEAAAAbmFtZQAAAAAAAAAAJP7//wIAAABpZAAAzv7//xQAAABgAAAAYAAAAAAAAAVcAAAAAgAAACwAAAAEAAAAmP7//wgAAAAQAAAABAAAAHRzTnMAAAAABAAAAG5hbWUAAAAAvP7//wgAAAAMAAAAAgAAAHt9AAAGAAAAbGFiZWxzAAAAAAAAnP7//wQAAAB0c05zAAAAAEr///8UAAAAPAAAADwAAAAAAAAFOAAAAAEAAAAEAAAAEP///wgAAAAQAAAABAAAAGxpbmUAAAAABAAAAG5hbWUAAAAAAAAAAPT+//8EAAAAbGluZQAAAACi////FAAAADgAAABAAAAAAAAACkAAAAABAAAABAAAAGj///8IAAAADAAAAAIAAAB0cwAABAAAAG5hbWUAAAAAAAAAAAAABgAIAAYABgAAAAAAAwACAAAAdHMAAAAAEgAYABQAAAATAAwAAAAIAAQAEgAAABQAAACAAAAAhAAAAAAAAAWAAAAAAgAAADQAAAAEAAAA3P///wgAAAAQAAAABgAAAGxhYmVscwAABAAAAG5hbWUAAAAACAAMAAgABAAIAAAACAAAACQAAAAYAAAAeyJjdXN0b20iOnsianNvbiI6dHJ1ZX19AAAAAAYAAABjb25maWcAAAAAAAAEAAQABAAAAAYAAABsYWJlbHMAAFAJAABBUlJPVzE=
